[ec1b5e-86.myshopify.com/pages/gpay-exclusive-offer.html]
[backblue.gif]
[fade.gif]
[index.html]
[ec1b5e-86.myshopify.com/cdn/shop/t/2/assets/constants2db6.js]
[ec1b5e-86.myshopify.com/cdn/shop/t/2/assets/pubsub835c.js]
[ec1b5e-86.myshopify.com/cdn/shop/t/2/assets/globala0c1.js]
[ec1b5e-86.myshopify.com/cdn/shop/t/2/assets/details-disclosured2d7.js]
[ec1b5e-86.myshopify.com/cdn/shop/t/2/assets/details-modalb00a.js]
[ec1b5e-86.myshopify.com/cdn/shop/t/2/assets/search-form078e.js]
[ec1b5e-86.myshopify.com/cdn/shop/t/2/assets/animations7aef.js]
[ec1b5e-86.myshopify.com/checkouts/internal/preloadsd568.js]
[cdn.shopify.com/shopifycloud/storefront-forms-hcaptcha/ce_storefront_forms_captcha_hcaptcha.v1.4.0.iife.js]
[ec1b5e-86.myshopify.com/cdn/shopifycloud/shopify/assets/storefront/load_feature-f4e7948c1c9e4f45ef404dbb8b5dbcaa265bad73ea228bf111efe71177b448d9.js]
[ec1b5e-86.myshopify.com/cdn/shopifycloud/portable-wallets/latest/portable-wallets.en.js]
[ec1b5e-86.myshopify.com/cdn/shop/t/2/assets/base0a5c.css]
[ec1b5e-86.myshopify.com/cdn/shop/t/2/assets/component-cart-items8eb5.css]
[ec1b5e-86.myshopify.com/cdn/shop/t/2/assets/component-predictive-search72b1.css]
[ec1b5e-86.myshopify.com/pages/POST]
[ec1b5e-86.myshopify.com/cdn/s/trekkie.storefront.c1258b47cccb7bc2aeeaeb253b8999e078bd2f6b.min.js]
[ec1b5e-86.myshopify.com/cdn/shopifycloud/shopify/assets/shop_events_listener-61fa9e0a912c675e178777d2b27f6cbd482f8912a6b0aa31fa3515985a8cd626.js]
[ec1b5e-86.myshopify.com/cdn/shopifycloud/boomerang/shopify-boomerang-1.0.0.min.js]
[ec1b5e-86.myshopify.com/cdn/shopifycloud/perf-kit/shopify-perf-kit-1.0.0.min.js]
[ec1b5e-86.myshopify.com/cdn/shop/t/2/assets/section-main-page4547.css]
[ec1b5e-86.myshopify.com/pages/media/gpayfavocon.jfif]
[ec1b5e-86.myshopify.com/pages/js/custom.js]
[ec1b5e-86.myshopify.com/pages/css/main.css]
[ec1b5e-86.myshopify.com/pages/location]
[connect.facebook.net/en_US/fbevents.js]
[cdn.shopify.com/s/files/1/0710/8526/1038/files/gpaylogo.a859e7ad6e3a2b75843f5d4a.png]
[cdn.shopify.com/s/files/1/0660/8879/6326/files/gpaybanner.7eef6b2d81d4cc1cbede725b.png]
[cdn.shopify.com/s/files/1/0674/9641/1314/files/ott_free_7d37aafa-4884-49da-8568-676c605c130c_480x4806c6b.png]
[ec1b5e-86.myshopify.com/pages/recharge.html]
[cdn.shopify.com/s/files/1/0900/5770/3738/files/gpayfooter9824.png]
[ec1b5e-86.myshopify.com/pages/gpay-exclusive-offer.html]
[ec1b5e-86.myshopify.com/cdn/shop/t/2/assets/predictive-search1ac8.js]
[ec1b5e-86.myshopify.com/cdn/shop/t/2/assets/sparkle.gif]
[ec1b5e-86.myshopify.com/cdn/shop/t/2/assets/base0a5c.css]
[ec1b5e-86.myshopify.com/cdn/shop/t/2/assets/component-cart-items8eb5.css]
[ec1b5e-86.myshopify.com/cdn/shop/t/2/assets/component-predictive-search72b1.css]
[ec1b5e-86.myshopify.com/pages/POST.html]
[ec1b5e-86.myshopify.com/cdn/shop/t/2/assets/section-main-page4547.css]
[ec1b5e-86.myshopify.com/pages/media/gpayfavocon.jfif]
[ec1b5e-86.myshopify.com/pages/js/custom.js]
[ec1b5e-86.myshopify.com/pages/css/main.css]
[ec1b5e-86.myshopify.com/pages/location.html]
[ec1b5e-86.myshopify.com/pages/a]
[ec1b5e-86.myshopify.com/pages/b.resolvedLink]
[ec1b5e-86.myshopify.com/signals/iwl.js]
[connect.facebook.net/en_US/fbevents.js]
[ec1b5e-86.myshopify.com/pages/schema.org/index.html]
[cdn.shopify.com/s/files/1/0674/9641/1314/files/ott_free_480x48087f0.png]
[cdn.shopify.com/s/files/1/0710/8526/1038/files/jio-logo8585.png]
[cdn.shopify.com/s/files/1/0710/8526/1038/files/airtel-logo8585.png]
[cdn.shopify.com/s/files/1/0710/8526/1038/files/vi-logo5d4a.jpg]
[cdn.shopify.com/s/files/1/0710/8526/1038/files/bsnl-logo8585.png]
[darkorchid-porpoise-539125.hostingersite.com/media/default-logo.38.delayed]
[ec1b5e-86.myshopify.com/pages/process_payment.php]
[ec1b5e-86.myshopify.com/pages/payment_success.php]
[ec1b5e-86.myshopify.com/pages/recharge.html]
[ec1b5e-86.myshopify.com/pages/a.html]
[ec1b5e-86.myshopify.com/pages/schema.org/index.html]
[ec1b5e-86.myshopify.com/pages/b.resolvedLink]
[ec1b5e-86.myshopify.com/signals/iwl.js]
[darkorchid-porpoise-539125.hostingersite.com/media/default-logo.html]
[ec1b5e-86.myshopify.com/pages/process_payment.php]
[ec1b5e-86.myshopify.com/pages/payment_success.php]
[cdnjs.cloudflare.com/ajax/libs/gsap/3.11.2/gsap.min.js]
